// Bun Snapshot v1, https://goo.gl/fbAQLP

exports[`chopWeapon should increase damage with chance 1`] = `
"*quisquam* рубанул *corporis* _Эпическим Мечом_ и нанёс *4.76* урона
\\[ corporis 💥 💔-4.76/3.24 📖38 ]
*quisquam* рубанул *corporis* _Эпическим Мечом_ и нанёс *4.88* урона
\\[ corporis 💥 💔-4.88/-1.64 📖39 ]

_Навык владения рубящим оружием_ *quisquam*"
`;
