// Bun Snapshot v1, https://goo.gl/fbAQLP

exports[`dodge target should dodge attack if has initiator more dex 1`] = `
"*Игрок 2* использовал _🐍 Увертка_

*Игрок 1* пытался атаковать *Игрок 2*, но у него не получилось
_🐍 Увертка_ *Игрок 2*: 📖50"
`;

exports[`dodge target should not dodge attack if target has more dex 1`] = `
"*Игрок 2* использовал _🐍 Увертка_

*Игрок 1* рубанул *Игрок 2* _Оружием_ и нанёс *7.2* урона
\\[ Игрок 2 💥 💔-7.2/0.8 📖58 ]"
`;
