// Bun Snapshot v1, https://goo.gl/fbAQLP

exports[`dodge target should dodge attack if has initiator more dex 1`] = `
"*magni* использовал _🐍 Увертка_

*quisquam* пытался атаковать *magni*, но у него не получилось
_🐍 Увертка_ *magni*: 📖50"
`;

exports[`dodge target should not dodge attack if target has more dex 1`] = `
"*magni* использовал _🐍 Увертка_

*quisquam* рубанул *magni* _Оружием_ и нанёс *7.2* урона
\\[ magni 💥 💔-7.2/0.8 📖58 ]"
`;
