// Bun Snapshot v1, https://bun.sh/docs/test/snapshots

exports[`fireArrow should buff next ranged attack with fire and apply burning DoT effect 1`] = `
"*Игрок 1* использовал _🏹 Зажигательная стрела_
\\[ 📖25 ]
*Игрок 1* атаковал *Игрок 2* _Оружием_ и нанёс *9.2* урона
\\[ Игрок 2 💔 💥-7.2 🔥-2/90.8 📖74 ]"
`;
