// Bun Snapshot v1, https://goo.gl/fbAQLP

exports[`parry target should parry attack if initiator has more dex 1`] = `
"*repellat* использовал _🤺 Парирование_

*asperiores* пытался атаковать *repellat*, но у него не получилось
_🤺 Парирование_ *repellat*: 📖8"
`;

exports[`parry target should not parry attack if target has more dex 1`] = `
"*qui* использовал _🤺 Парирование_

*explicabo* рубанул *qui* _Оружием_ и нанёс *3.35* урона
\\[ qui 💥 💔-3.35/4.65 📖27 ]"
`;
