// Bun Snapshot v1, https://bun.sh/docs/test/snapshots

exports[`poisonArrow should buff next ranged attack with acid and apply poison DoT effect 1`] = `
"*Игрок 1* использовал _🏹 Отравленная стрела_
\\[ 📖25 ]
*Игрок 1* атаковал *Игрок 2* _Оружием_ и нанёс *27.2* урона
\\[ Игрок 2 💔 💥-7.2 ☣-20/72.8 📖218 ]"
`;
