// Bun Snapshot v1, https://goo.gl/fbAQLP

exports[`shieldBlock should block attack if target has less attrs 1`] = `
"*repellat* использовал _🛡️ Блок щитом_ с эффектом 10.67

*asperiores* пытался атаковать *repellat*, но у него не получилось
_🛡️ Блок щитом_ *repellat*: 📖40"
`;

exports[`shieldBlock should breack block with multiple attacks 1`] = `
"*repellat* использовал _🛡️ Блок щитом_ с эффектом 13.75

*asperiores* пытался атаковать *repellat*, но у него не получилось
_🛡️ Блок щитом_ *repellat*: 📖40
*asperiores* пытался атаковать *repellat*, но у него не получилось
_🛡️ Блок щитом_ *repellat*: 📖40
*asperiores* рубанул *repellat* _Оружием_ и нанёс *7.2* урона
\\[ repellat 💥 💔-7.2/2.13 📖58 ]"
`;
