// Bun Snapshot v1, https://goo.gl/fbAQLP

exports[`divineWill should break success cast 1`] = `
"*quisquam* выстреливает _Магической стрелой_ в *corporis*
\\[ corporis ✨ 💔-4.9/3.1 📖47 ]
*quisquam* пытался использовать _Магическая стрела_ на *corporis*, но у него не получилось
_Воля богов_ *quisquam*"
`;

exports[`divineWill should succeed fail cast 1`] = `
"*quisquam* пытался сотворить _Магическая стрела_ на *corporis*, но у него не получилось
*quisquam* выстреливает _Магической стрелой_ в *corporis*
\\[ corporis ✨ 💔-3.51/4.49 📖36 ]
_Воля богов_ *quisquam*"
`;
