// Bun Snapshot v1, https://goo.gl/fbAQLP

exports[`divineWill should break success cast 1`] = `
"*Игрок 1* выстреливает _Магической стрелой_ в *Игрок 2*
\\[ Игрок 2 ✨ 💔-4.9/3.1 📖47 ]
*Игрок 1* пытался использовать _Магическая стрела_ на *Игрок 2*, но у него не получилось
_Воля богов_ *Игрок 1*"
`;

exports[`divineWill should succeed fail cast 1`] = `
"*Игрок 1* пытался сотворить _Магическая стрела_ на *Игрок 2*, но у него не получилось
*Игрок 1* выстреливает _Магической стрелой_ в *Игрок 2*
\\[ Игрок 2 ✨ 💔-3.51/4.49 📖36 ]
_Воля богов_ *Игрок 1*"
`;
