// Bun Snapshot v1, https://goo.gl/fbAQLP

exports[`divineWill should break success cast 1`] = `
"*quisquam* выстреливает _Магической стрелой_ в *corporis*
\\[ corporis ✨ 💔-2.1/5.9 📖25 ]
*quisquam* пытался использовать _Магическая стрела_ на *corporis*, но у него не получилось
_Воля богов_ *quisquam*"
`;

exports[`divineWill should succeed fail cast 1`] = `
"*quisquam* пытался сотворить _Магическая стрела_ на *corporis*, но у него не получилось
*quisquam* выстреливает _Магической стрелой_ в *corporis*
\\[ corporis ✨ 💔-1.96/6.04 📖24 ]

_Воля богов_ *quisquam*"
`;
