// Bun Snapshot v1, https://bun.sh/docs/test/snapshots

exports[`fieldMedic should prevent handsHeal interruption when attacked by enemy 1`] = `
"*Игрок 1* рубанул *Игрок 2* _Оружием_ и нанёс *7.2* урона
\\[ Игрок 2 💔 💥-7.2/-2.2 📖58 ]
Игрок *Игрок 2* был вылечен 🤲 на *💖1.56*
\\[ Игрок 2: 💖1.56/-0.64 📖16 ]
_🏃 Полевой медик_: *Игрок 2* завершил исцеление вопреки атакам врага
_🏃 Полевой медик_: *Игрок 2* 💖+30%"
`;
