// Bun Snapshot v1, https://bun.sh/docs/test/snapshots

exports[`huntersMark should apply mark 1`] = `
"*Игрок 1* атаковал *Игрок 2* _Оружием_ и нанёс *7.2* урона
\\[ Игрок 2 💥 💔-7.2/0.8 📖58 ]
_🎯 Метка охотника_ *Игрок 1*
*Игрок 1* атаковал *Игрок 2* _Оружием_ и нанёс *7.92* урона
\\[ Игрок 2 💥 💔-7.92/-7.12 📖63 ]
_🏹 Выстрел по метке_ *Игрок 1*"
`;
