// Bun Snapshot v1, https://bun.sh/docs/test/snapshots

exports[`ignition should apply burning DoT on weapon attack 1`] = `
"*Игрок 1* рубанул *Игрок 2* _Оружием_ и нанёс *7.2* урона
\\[ Игрок 2 💥 💔-7.2/0.8 📖58 ]
_🔥 Воспламенение_ *Игрок 1* поджёг *Игрок 2* \\[ 🔥1/ход ]
⏳2 _🔥 Горение_ (*Игрок 1*) наносит урон огнём игроку *Игрок 2*
\\[ Игрок 2 🔥 💔-1/-0.2 📖16 ]"
`;

exports[`ignition should apply burning DoT on fire spell 1`] = `
"*Игрок 1* сотворил _Огненный шар_ на *Игрок 2* нанеся 13.41 урона
\\[ Игрок 2 🔥 💔-7.21/-5.41 📖68
Игрок 2 🔥 💔-1.55/-0.76 📖12
Игрок 2 🔥 💔-1.55/-2.31 📖12
Игрок 2 🔥 💔-1.55/-3.86 📖12
Игрок 2 🔥 💔-1.55/-5.41 📖12 ]
_🔥 Воспламенение_ *Игрок 1* поджёг *Игрок 2* \\[ 🔥1/ход ]
_🔥 Воспламенение_ *Игрок 1* поджёг *Игрок 2* \\[ 🔥1/ход ]
_🔥 Воспламенение_ *Игрок 1* поджёг *Игрок 2* \\[ 🔥1/ход ]
_🔥 Воспламенение_ *Игрок 1* поджёг *Игрок 2* \\[ 🔥1/ход ]
_🔥 Воспламенение_ *Игрок 1* поджёг *Игрок 2* \\[ 🔥1/ход ]"
`;
