// Bun Snapshot v1, https://goo.gl/fbAQLP

exports[`lacerate should apply bleeding 1`] = `
"*Игрок 1* пустил кровь *Игрок 2* _Оружием_ и нанёс *7.2* урона
\\[ Игрок 2 💥 💔-7.2/0.8 📖58 ]
_🩸Рассечение_ *Игрок 1*"
`;

exports[`lacerate should apply bleeding 2`] = `
"⏳5 *Игрок 1* вызвал эффект _🩸Кровотечение_ на *Игрок 2*, нанеся 2.1 урона
\\[ Игрок 2 💥 💔-2.1/-1.3 📖25 ]"
`;
