// Bun Snapshot v1, https://goo.gl/fbAQLP

exports[`markOfDarkness should apply mark 1`] = `
"*corporis* использовал _Затмение_ на *quisquam*
\\[ 📖80 ]
_🌑 Метка тьмы_ *quisquam*"
`;

exports[`markOfDarkness mark should increase effect 1`] = `
"*quisquam* сотворил _Вампиризм_ на *corporis* нанеся *6.3* и восстановив себе *6.3* здоровья
\\[ corporis ✨ 💔-6.3/1.7 📖60 ]"
`;

exports[`markOfDarkness mark should increase effect 2`] = `
"*quisquam* сотворил _Вампиризм_ на *corporis* нанеся *6.3* и восстановив себе *6.3* здоровья
\\[ corporis ✨ 💔-6.3/1.7 📖60 ]
*quisquam* сотворил _Вампиризм_ на *corporis* нанеся *10.08* и восстановив себе *1.7* здоровья
\\[ corporis ✨ 💔-10.08/-8.38 📖91 ]
_🌑 Метка тьмы_ *quisquam*"
`;
