// Bun Snapshot v1, https://bun.sh/docs/test/snapshots

exports[`momentum should restore energy and stack damage bonus on ranged hits 1`] = `
"*Игрок 1* атаковал *Игрок 2* _Оружием_ и нанёс *7.2* урона
\\[ Игрок 2 💔 💥-7.2/0.8 📖58 ]
_🏹 Кураж_: *Игрок 1* поймал кураж \\[ ⚡+2 энергии ]
*Игрок 1* атаковал *Игрок 2* _Оружием_ и нанёс *7.56* урона
\\[ Игрок 2 💔 💥-7.56/-6.76 📖60 ]
_🏹 Кураж_: *Игрок 1* поймал кураж \\[ ⚡+2 энергии ]"
`;
