// Bun Snapshot v1, https://goo.gl/fbAQLP

exports[`staticProtect should passively block if target has a lot of pdef 1`] = `
"*Игрок 1* пытался атаковать *Игрок 2*, но у него не получилось
_Статичная защита_ *Игрок 2*
*Игрок 1* рубанул *Игрок 2* _Оружием_ и нанёс *7.2* урона
\\[ Игрок 2 💥 💔-7.2/0.8 📖58 ]
*Игрок 1* рубанул *Игрок 2* _Оружием_ и нанёс *7.2* урона
\\[ Игрок 2 💥 💔-7.2/-6.4 📖58 ]
*Игрок 1* рубанул *Игрок 2* _Оружием_ и нанёс *7.2* урона
\\[ Игрок 2 💥 💔-7.2/-13.6 📖58 ]"
`;
