// Bun Snapshot v1, https://bun.sh/docs/test/snapshots

exports[`virulence should apply poison DoT on acid spell 1`] = `
"*Игрок 1* сотворил _Кислотный плевок_ на *Игрок 2* нанеся 5.15 урона
\\[ Игрок 2 ☣ 💔-5.15/2.85 📖53 ]
_🧪 Трупный яд_ *Игрок 1* отравил *Игрок 2* \\[ 🧪1/ход ]
⏳2 _🧪 Трупный яд_ (*Игрок 1*) наносит урон ядом игроку *Игрок 2*
\\[ Игрок 2 ☣ 💔-1/1.85 📖16 ]"
`;

exports[`virulence should apply poison DoT on weapon attack 1`] = `
"*Игрок 1* рубанул *Игрок 2* _Оружием_ и нанёс *7.2* урона
\\[ Игрок 2 💥 💔-7.2/0.8 📖58 ]
_🧪 Трупный яд_ *Игрок 1* отравил *Игрок 2* \\[ 🧪2/ход ]
⏳2 _🧪 Трупный яд_ (*Игрок 1*) наносит урон ядом игроку *Игрок 2*
\\[ Игрок 2 ☣ 💔-2/-1.2 📖24 ]"
`;
