// Bun Snapshot v1, https://goo.gl/fbAQLP

exports[`chopWeapon should increase damage with chance 1`] = `
"*Игрок 1* рубанул *Игрок 2* _Оружием_ и нанёс *2.36* урона
\\[ Игрок 2 💥 💔-2.36/5.64 📖19 ]
*Игрок 1* рубанул *Игрок 2* _Оружием_ и нанёс *2.14* урона
\\[ Игрок 2 💥 💔-2.14/3.5 📖17 ]
_Владение рубящим оружием_ *Игрок 1*"
`;
