// Bun Snapshot v1, https://goo.gl/fbAQLP

exports[`chopWeapon should increase damage with chance 1`] = `
"*quisquam* рубанул *corporis* _Оружием_ и нанёс *2.36* урона
\\[ corporis 💥 💔-2.36/5.64 📖19 ]
*quisquam* рубанул *corporis* _Оружием_ и нанёс *2.14* урона
\\[ corporis 💥 💔-2.14/3.5 📖17 ]
_Владение рубящим оружием_ *quisquam*"
`;
