// Bun Snapshot v1, https://bun.sh/docs/test/snapshots

exports[`cutWeapon should hit through protect 1`] = `
"*Игрок 1* пытался атаковать *Игрок 2*, но у него не получилось
_Защита_ *Игрок 2*: 📖23
*Игрок 1* пустил кровь *Игрок 2* _Оружием_ и нанёс *2.14* урона
\\[ Игрок 2 💥 💔-2.14/5.86 📖17 ]
_Владение режущим оружием_ *Игрок 1*"
`;
