// Bun Snapshot v1, https://goo.gl/fbAQLP

exports[`cutWeapon should hit through protect 1`] = `
"*quisquam* пытался атаковать *corporis*, но у него не получилось
_Защита_ *corporis*: 📖216
*quisquam* пустил кровь *corporis* с помощью _Эпическая Секира_ и нанёс *10.78* урона
\\[ corporis 💥 💔-10.78/-2.78 📖86 ]

_Навык владения режущим оружием_ *quisquam*"
`;
