// Bun Snapshot v1, https://goo.gl/fbAQLP

exports[`healingWeapon should increase damage with chance 1`] = `
"*quisquam* атаковал _Оружие_ в *corporis* и нанёс *2.25* урона
\\[ corporis 💥 💔-2.25/5.75 📖18 ]
*quisquam* атаковал _Оружие_ в *corporis* и нанёс *2.14* урона
\\[ corporis 💥 💔-2.14/3.61 📖17 ]
_Владение лечащим оружием_ *quisquam*"
`;
