// Bun Snapshot v1, https://goo.gl/fbAQLP

exports[`healingWeapon should increase damage with chance 1`] = `
"*Игрок 1* атаковал _Оружие_ в *Игрок 2* и нанёс *2.25* урона
\\[ Игрок 2 💥 💔-2.25/5.75 📖18 ]
*Игрок 1* атаковал _Оружие_ в *Игрок 2* и нанёс *2.14* урона
\\[ Игрок 2 💥 💔-2.14/3.61 📖17 ]
_Владение лечащим оружием_ *Игрок 1*"
`;
