// Bun Snapshot v1, https://goo.gl/fbAQLP

exports[`rangeWeapon should hit through dodge 1`] = `
"*Игрок 2* использовал _🐍 Увертка_

*Игрок 1* пытался атаковать *Игрок 2*, но у него не получилось
_🐍 Увертка_ *Игрок 2*: 📖50
*Игрок 1* атаковал *Игрок 2* _Оружием_ и нанёс *4.45* урона
\\[ Игрок 2 💥 💔-4.45/3.55 📖36 ]
_Владение дальним оружием_ *Игрок 1*"
`;
