// Bun Snapshot v1, https://goo.gl/fbAQLP

exports[`rangeWeapon should hit through dodge 1`] = `
"*corporis* использовал _🐍 Увертка_

*quisquam* пытался атаковать *corporis*, но у него не получилось
_🐍 Увертка_ *corporis*: 📖50
*quisquam* атаковал *corporis* _Оружием_ и нанёс *4.45* урона
\\[ corporis 💥 💔-4.45/3.55 📖36 ]
_Владение дальним оружием_ *quisquam*"
`;
