// Bun Snapshot v1, https://goo.gl/fbAQLP

exports[`rangeWeapon should hit through dodge 1`] = `
"*corporis* использовал _🐍 Увертка_

*quisquam* пытался атаковать *corporis*, но у него не получилось
_🐍 Увертка_ *corporis*: 📖50
*quisquam* швырнул в *corporis* _Камнями_ и нанёс *0.95* урона
\\[ corporis 💥 💔-0.95/7.05 📖8 ]

_Навык владения метательным оружием_ *quisquam*"
`;
