// Bun Snapshot v1, https://goo.gl/fbAQLP

exports[`stunWeapon should hit through protect 1`] = `
"*quisquam* пытался атаковать *labore*, но у него не получилось
_Защита_ *labore*: 📖45
*quisquam* дал по башке *labore* _magni_ и нанёс *2.14* урона
\\[ labore 💥 💔-2.14/5.86 📖17 ]

_Навык владения оглушающим оружием_ *quisquam*"
`;
