// Bun Snapshot v1, https://goo.gl/fbAQLP

exports[`thrustWeapon should hit through dodge 1`] = `
"*labore* использовал _🐍 Увертка_

*quisquam* пытался атаковать *labore*, но у него не получилось
_🐍 Увертка_ *labore*: 📖50
*quisquam* вонзил _Оружие_ в *labore* и нанёс *4.45* урона
\\[ labore 💥 💔-4.45/3.55 📖36 ]

_Навык владения колющим оружием_ *quisquam*"
`;
