// Bun Snapshot v1, https://goo.gl/fbAQLP

exports[`thrustWeapon should hit through dodge 1`] = `
"*Игрок 2* использовал _🐍 Увертка_

*Игрок 1* пытался атаковать *Игрок 2*, но у него не получилось
_🐍 Увертка_ *Игрок 2*: 📖50
*Игрок 1* вонзил _Оружие_ в *Игрок 2* и нанёс *4.45* урона
\\[ Игрок 2 💥 💔-4.45/3.55 📖36 ]
_Владение колющим оружием_ *Игрок 1*"
`;
