// Bun Snapshot v1, https://goo.gl/fbAQLP

exports[`bleeding should cast long debuff 1`] = `
"⏳0 *quisquam* сотворил _🩸 Кровотечение_ на *quisquam* нанеся 2.4 урона
\\[ labore 💥 💔-2.4/0.4 📖19 ]"
`;

exports[`bleeding should cast long debuff 2`] = `
"*quisquam* сотворил _🩸 Кровотечение_ на *quisquam* нанеся 2.4 урона
\\[ labore 💥 💔-2.4/2.8 📖19 ]
*quisquam* пустил кровь *labore* _Оружием_ и нанёс *2.8* урона
\\[ labore 💥 💔-2.8/2.8 📖22 ]"
`;
