// Bun Snapshot v1, https://bun.sh/docs/test/snapshots

exports[`blight should hit percentage damage 1`] = `6.54`;

exports[`blight should hit percentage damage 2`] = `
"*Игрок 1* использовал _Истощение_ на *Игрок 2*
\\[ 📖8 ]
⏳1 *Игрок 2* _истощён_ Игрок 1 и теряет 1.46 здоровья
\\[ Игрок 2 💥 💔-1.46/6.54 📖20 ]"
`;
