// Bun Snapshot v1, https://bun.sh/docs/test/snapshots

exports[`chainLightning should hit 5 targets 1`] = `
[
  8,
  3.57,
  8,
  4.46,
  4.9,
  5.34,
  8,
  4.01,
  8,
  8,
  8,
]
`;

exports[`chainLightning should hit 5 targets 2`] = `153`;

exports[`chainLightning should hit 5 targets 3`] = `
"*Игрок 1* сотворил _Цепь молний_ на *Игрок 2* нанеся 17.72 урона
\\[ Игрок 2 ⚡ 💔-4.43/3.57 📖47
Игрок 8 ⚡ 💔-3.99/4.01 📖32
Игрок 4 ⚡ 💔-3.54/4.46 📖28
Игрок 5 ⚡ 💔-3.1/4.9 📖25
Игрок 6 ⚡ 💔-2.66/5.34 📖21 ]"
`;

exports[`chainLightning should hit 4 targets 1`] = `
[
  8,
  4.6,
  8,
  5.28,
  5.62,
  8,
  8,
  4.94,
  8,
  8,
  8,
]
`;

exports[`chainLightning should hit 4 targets 2`] = `104`;

exports[`chainLightning should hit 4 targets 3`] = `
"*Игрок 1* сотворил _Цепь молний_ на *Игрок 2* нанеся 11.56 урона
\\[ Игрок 2 ⚡ 💔-3.4/4.6 📖39
Игрок 8 ⚡ 💔-3.06/4.94 📖24
Игрок 4 ⚡ 💔-2.72/5.28 📖22
Игрок 5 ⚡ 💔-2.38/5.62 📖19 ]"
`;

exports[`chainLightning should hit 3 targets 1`] = `
[
  8,
  5.63,
  8,
  6.1,
  8,
  8,
  8,
  5.87,
  8,
  8,
  8,
]
`;

exports[`chainLightning should hit 3 targets 2`] = `63`;

exports[`chainLightning should hit 3 targets 3`] = `
"*Игрок 1* сотворил _Цепь молний_ на *Игрок 2* нанеся 6.4 урона
\\[ Игрок 2 ⚡ 💔-2.37/5.63 📖31
Игрок 8 ⚡ 💔-2.13/5.87 📖17
Игрок 4 ⚡ 💔-1.9/6.1 📖15 ]"
`;

exports[`chainLightning should hit 3 targets without clan 1`] = `
[
  8,
  8,
  6.1,
  8,
  8,
  8,
  5.87,
  8,
  5.63,
  8,
  8,
]
`;

exports[`chainLightning should hit 3 targets without clan 2`] = `63`;

exports[`chainLightning should hit 3 targets without clan 3`] = `
"*Игрок 1* сотворил _Цепь молний_ на *Игрок 9* нанеся 6.4 урона
\\[ Игрок 9 ⚡ 💔-2.37/5.63 📖31
Игрок 7 ⚡ 💔-2.13/5.87 📖17
Игрок 3 ⚡ 💔-1.9/6.1 📖15 ]"
`;
