// Bun Snapshot v1, https://goo.gl/fbAQLP

exports[`chainLightning should hit 5 targets 1`] = `
[
  8,
  3.59,
  8,
  4.46,
  4.93,
  5.35,
  8,
  4.01,
  8,
  8,
  8,
]
`;

exports[`chainLightning should hit 5 targets 2`] = `153`;

exports[`chainLightning should hit 5 targets 3`] = `
"*asperiores* сотворил _Цепь молний_ на *magni* нанеся 17.66 урона
\\[ magni ⚡ 💔-4.41/3.59 📖47
sed ⚡ 💔-3.99/4.01 📖32
iure ⚡ 💔-3.54/4.46 📖28
recusandae ⚡ 💔-3.07/4.93 📖25
ipsam ⚡ 💔-2.65/5.35 📖21 ]"
`;

exports[`chainLightning should hit 4 targets 1`] = `
[
  8,
  4.61,
  8,
  5.28,
  5.65,
  8,
  8,
  4.94,
  8,
  8,
  8,
]
`;

exports[`chainLightning should hit 4 targets 2`] = `104`;

exports[`chainLightning should hit 4 targets 3`] = `
"*asperiores* сотворил _Цепь молний_ на *magni* нанеся 11.49 урона
\\[ magni ⚡ 💔-3.36/4.61 📖39
sed ⚡ 💔-3.06/4.94 📖24
iure ⚡ 💔-2.72/5.28 📖22
recusandae ⚡ 💔-2.35/5.65 📖19 ]"
`;

exports[`chainLightning should hit 3 targets 1`] = `
[
  8,
  5.64,
  8,
  6.1,
  8,
  8,
  8,
  5.87,
  8,
  8,
  8,
]
`;

exports[`chainLightning should hit 3 targets 2`] = `63`;

exports[`chainLightning should hit 3 targets 3`] = `
"*asperiores* сотворил _Цепь молний_ на *magni* нанеся 6.4 урона
\\[ magni ⚡ 💔-2.37/5.64 📖31
sed ⚡ 💔-2.13/5.87 📖17
iure ⚡ 💔-1.9/6.1 📖15 ]"
`;

exports[`chainLightning should hit 3 targets without clan 1`] = `
[
  8,
  8,
  6.11,
  8,
  8,
  8,
  5.89,
  8,
  5.64,
  8,
  8,
]
`;

exports[`chainLightning should hit 3 targets without clan 2`] = `63`;

exports[`chainLightning should hit 3 targets without clan 3`] = `
"*asperiores* сотворил _Цепь молний_ на *blanditiis* нанеся 6.36 урона
\\[ blanditiis ⚡ 💔-2.36/5.64 📖31
dignissimos ⚡ 💔-2.11/5.89 📖17
labore ⚡ 💔-1.89/6.11 📖15 ]"
`;
