// Bun Snapshot v1, https://goo.gl/fbAQLP

exports[`eclipse initiator should be blinded by eclipse 1`] = `
"*Игрок 1* использовал _Затмение_ на *Игрок 1*
\\[ 📖80 ]
*Игрок 2* пытался атаковать *Игрок 1*, но у него не оказалось оружия в руках"
`;

exports[`eclipse should handle several casters 1`] = `
"*Игрок 1* использовал _Затмение_ на *Игрок 1*
\\[ 📖80 ]
*Игрок 2* использовал _Затмение_ на *Игрок 2*
\\[ 📖80 ]
*Игрок 3* пытался атаковать *Игрок 1*, но у него не получилось
_Затмение_ *Игрок 1*
_Затмение_ *Игрок 2*"
`;
