// Bun Snapshot v1, https://goo.gl/fbAQLP

exports[`lightShield initiator should be hit by light shield 1`] = `
"*asperiores* использовал _Световой щит_ на *magni*
\\[ 📖6 ]
*asperiores* использовал _Световой щит_ на *magni*
\\[ 📖3 ]
*ratione* рубанул *magni* _qui_ и нанёс *1.81* урона
\\[ magni 💥 💔-1.81/6.19 📖14 ]

$*asperiores* сотворил _Световой щит_ на *ratione* нанеся 0.39 урона
\\[ ratione ✨ 💔-0.39/7.61 📖11 ]

$*asperiores* сотворил _Световой щит_ на *ratione* нанеся 0.2 урона
\\[ ratione ✨ 💔-0.2/7.41 📖10 ]"
`;
