// Bun Snapshot v1, https://goo.gl/fbAQLP

exports[`lightShield initiator should be hit by light shield 1`] = `
"*Игрок 1* использовал _Световой щит_ на *Игрок 2*
\\[ 📖0 ]
*Игрок 1* использовал _Световой щит_ на *Игрок 2*
\\[ 📖0 ]
*Игрок 3* рубанул *Игрок 2* _Оружием_ и нанёс *5* урона
\\[ Игрок 2 💥 💔-5/3 📖40 ]
*Игрок 1* сотворил _Световой щит_ на *Игрок 3* нанеся 1.47 урона
\\[ Игрок 3 ✨ 💔-1.47/6.53 📖20 ]
*Игрок 1* сотворил _Световой щит_ на *Игрок 3* нанеся 0.73 урона
\\[ Игрок 3 ✨ 💔-0.73/5.8 📖14 ]"
`;
