// Bun Snapshot v1, https://goo.gl/fbAQLP

exports[`madness should change target 1`] = `
"*asperiores* использовал _Безумие_ на *repellat*
\\[ 📖80 ]
*repellat* рубанул *repellat* _explicabo_ и нанёс *2.25* урона
\\[ repellat 💥 💔-2.25/5.75 📖0 ]

_Безумие_ *asperiores*"
`;

exports[`madness should handle multiple casters 1`] = `
"*iure* использовал _Безумие_ на *nulla*
\\[ 📖80 ]
*qui* использовал _Безумие_ на *nulla*
\\[ 📖80 ]
*nulla* рубанул *nulla* _nobis_ и нанёс *2.25* урона
\\[ nulla 💥 💔-2.25/5.75 📖0 ]

_Безумие_ *iure*

_Безумие_ *qui*"
`;
