// Bun Snapshot v1, https://goo.gl/fbAQLP

exports[`magicWall should protect player behind wall 1`] = `
"*asperiores* использовал _Магическая стена_ на *asperiores* с эффектом 140.21
\\[ 📖0 ]
*repellat* пытался атаковать *asperiores*, но у него не получилось
_Магическая стена_ *asperiores*: 📖33
*repellat* пытался атаковать *asperiores*, но у него не получилось
_Магическая стена_ *asperiores*: 📖33"
`;

exports[`magicWall should not cast if behind wall 1`] = `4.8`;

exports[`magicWall should not cast if behind wall 2`] = `
"*iure* использовал _Магическая стена_ на *nulla* с эффектом 140.21
\\[ 📖0 ]
*nulla* пытался атаковать *iure*, но у него не получилось
_Магическая стена_ *iure*"
`;

exports[`magicWall should handle several wall casters 1`] = `
"*dignissimos* использовал _Магическая стена_ на *dignissimos* с эффектом 140.21
\\[ 📖0 ]
*doloremque* использовал _Магическая стена_ на *dignissimos* с эффектом 140.21
\\[ 📖0 ]
*repudiandae* пытался атаковать *dignissimos*, но у него не получилось
_Магическая стена_ *dignissimos*: 📖28,*doloremque*: 📖0"
`;
