// Bun Snapshot v1, https://goo.gl/fbAQLP

exports[`paralysis initiator should be paralysed 1`] = `
"*asperiores* использовал _Паралич_ на *repellat*
\\[ 📖80 ]
*repellat* пытался атаковать *asperiores*, но у него не получилось
_Паралич_ *asperiores*"
`;

exports[`paralysis should handle several casters 1`] = `
"*iure* использовал _Паралич_ на *nulla*
\\[ 📖80 ]
*qui* использовал _Паралич_ на *nulla*
\\[ 📖80 ]
*nulla* пытался атаковать *iure*, но у него не получилось
_Паралич_ *iure*
_Паралич_ *qui*"
`;
