// Bun Snapshot v1, https://goo.gl/fbAQLP

exports[`physicalSadness should hit target with single hit 1`] = `-2.2`;

exports[`physicalSadness should hit target with single hit 2`] = `90`;

exports[`physicalSadness should hit target with single hit 3`] = `
"*magni* рубанул *asperiores* _Оружием_ и нанёс *7.1* урона
\\[ asperiores 💥 💔-7.1/0.9 📖57 ]
*asperiores* сотворил _Вселенская скорбь_ на *magni* нанеся 10.2 урона
\\[ magni 💥 💔-10.2/-2.2 📖90 ]"
`;

exports[`physicalSadness should hit targets with multiple hit 1`] = `3.13`;

exports[`physicalSadness should hit targets with multiple hit 2`] = `47`;

exports[`physicalSadness should hit targets with multiple hit 3`] = `
"*magni* рубанул *asperiores* _Оружием_ и нанёс *1.77* урона
\\[ asperiores 💥 💔-1.77/6.23 📖14 ]
*magni* рубанул *asperiores* _Оружием_ и нанёс *1.77* урона
\\[ asperiores 💥 💔-1.77/4.46 📖14 ]
*magni* рубанул *asperiores* _Оружием_ и нанёс *1.77* урона
\\[ asperiores 💥 💔-1.77/2.69 📖14 ]
*magni* рубанул *asperiores* _Оружием_ и нанёс *1.77* урона
\\[ asperiores 💥 💔-1.77/0.92 📖14 ]
*asperiores* сотворил _Вселенская скорбь_ на *magni* нанеся 4.87 урона
\\[ magni 💥 💔-4.87/3.13 📖47 ]"
`;
