// Bun Snapshot v1, https://goo.gl/fbAQLP

exports[`sleep target should sleep and not be able to attack 1`] = `
"*asperiores* использовал _Усыпление_ на *repellat*
\\[ 📖20 ]
*repellat* пытался атаковать *asperiores*, но у него не получилось
_Усыпление_ *asperiores*
*repellat* пытался использовать _Защита_ на *asperiores*, но у него не получилось
_Усыпление_ *asperiores*
*repellat* пытался использовать _Лечение руками_ на *repellat*, но у него не получилось
_Усыпление_ *asperiores*
*repellat* пытался использовать _👹 Берсерк_ на *repellat*, но у него не получилось
_Усыпление_ *asperiores*"
`;

exports[`sleep should handle several casters 1`] = `
"*iure* использовал _Усыпление_ на *nulla*
\\[ 📖20 ]
*qui* использовал _Усыпление_ на *nulla*
\\[ 📖20 ]
*nulla* пытался атаковать *iure*, но у него не получилось
_Усыпление_ *iure*
_Усыпление_ *qui*
*nulla* пытался использовать _Защита_ на *iure*, но у него не получилось
_Усыпление_ *iure*
_Усыпление_ *qui*
*nulla* пытался использовать _Лечение руками_ на *nulla*, но у него не получилось
_Усыпление_ *iure*
_Усыпление_ *qui*
*nulla* пытался использовать _👹 Берсерк_ на *nulla*, но у него не получилось
_Усыпление_ *iure*
_Усыпление_ *qui*"
`;
