// Bun Snapshot v1, https://goo.gl/fbAQLP

exports[`vampirism should take dmg and heal on same amount 1`] = `
"*Игрок 1* сотворил _Вампиризм_ на *Игрок 2* нанеся *3.63* и восстановив себе *3.63* здоровья
\\[ Игрок 2 ✨ 💔-3.63/4.37 📖39 ]"
`;

exports[`vampirism should heal only above target\`s 0 hp 1`] = `
"*Игрок 1* сотворил _Вампиризм_ на *Игрок 2* нанеся *3.63* и восстановив себе *1* здоровья
\\[ Игрок 2 ✨ 💔-3.63/-2.63 📖39 ]"
`;

exports[`vampirism should not heal whet target\`s hp less than 0 1`] = `
"*Игрок 1* сотворил _Вампиризм_ на *Игрок 2* нанеся *3.63* и восстановив себе *0* здоровья
\\[ Игрок 2 ✨ 💔-3.63/-4.63 📖39 ]"
`;
