// Bun Snapshot v1, https://bun.sh/docs/test/snapshots

exports[`attack should reduce damage by target resists 1`] = `
"*Игрок 1* рубанул *Игрок 2* _Оружием_ и нанёс *7.2* урона
\\[ Игрок 2 💔 💥-7.2/0.8 📖58 ]
*Игрок 1* рубанул *Игрок 2* _Оружием_ и нанёс *3.6* урона
\\[ Игрок 2 💔 💥-3.6/-2.8 📖29 ]"
`;

exports[`attack should deal elemental damage from weapon and apply element resists 1`] = `
"*Игрок 2* атаковал *Игрок 1* _Оружием_ и нанёс *11.95* урона
\\[ Игрок 1 💔 💥-10.7 🔥-1.25/-3.95 📖96 ]"
`;

exports[`attack should only double physical damage on critical strike 1`] = `
"*Игрок 2* атаковал *Игрок 1* _Оружием_ и нанёс *23.45* урона
\\[ Игрок 1 💔 💥-21.4 🔥-2.05/-15.45 📖188 ]
_🎯 Двойной урон_"
`;
