// Bun Snapshot v1, https://goo.gl/fbAQLP

exports[`handsHeal should heal 1`] = `
"Игрок *quisquam* был вылечен 🤲 на *💖0.39*
\\[ quisquam: 💖0.39/1.39 📖4 ]"
`;

exports[`handsHeal should not heal more than max hp 1`] = `
"Игрок *quisquam* был вылечен 🤲 на *💖0*
\\[ quisquam: 💖0/8 📖0 ]"
`;

exports[`handsHeal should not get exp if players are not allies 1`] = `
"Игрок *quisquam* был вылечен 🤲 на *💖1.04*
\\[ labore: 💖1.04/2.04 📖0 ]"
`;

exports[`handsHeal should be stopped by attack 1`] = `
"*quisquam* рубанул *labore* _magni_ и нанёс *5* урона
\\[ labore 💥 💔-5/3 📖40 ]
*labore* пытался использовать _Лечение руками_ на *labore*, но у него не получилось
_Атака_ *quisquam*"
`;
