// Jest Snapshot v1, https://goo.gl/fbAQLP

exports[`parry target should not parry attack if target has more dex 1`] = `
"*explicabo* использовал _🤺 Парирование_

*repellat* рубанул *explicabo* _Эпическим Мечом_ и нанёс *11* урона
\\[ 💔-11/-3 📖88 ]"
`;

exports[`parry target should parry attack if initiator has more dex 1`] = `
"*alias* использовал _🤺 Парирование_

*asperiores* пытался атаковать *alias*, но у него не получилось
_🤺 Парирование_ *alias*: 📖8"
`;
