// Jest Snapshot v1, https://goo.gl/fbAQLP

exports[`blight should hit percentage damage 1`] = `5.95`;

exports[`blight should hit percentage damage 2`] = `
[
  {
    "action": "Истощение",
    "actionType": "dmg-magic",
    "dmg": 2.05,
    "dmgType": "physical",
    "effect": undefined,
    "exp": 24,
    "hp": 5.95,
    "initiator": "asperiores",
    "msg": undefined,
    "target": "magni",
  },
]
`;
