// Jest Snapshot v1, https://goo.gl/fbAQLP

exports[`fireBall should hit 1 target 1`] = `
[
  8,
  8,
  8,
  8,
  8,
  8,
  8,
  8,
  -5.59,
  8,
  8,
]
`;

exports[`fireBall should hit 1 target 2`] = `120`;

exports[`fireBall should hit 1 target 3`] = `
"*explicabo* сотворил _Огненный шар_ на *aperiam* нанеся 8.75 урона
\\[ aperiam 🔥 💔-8.75/-5.59 📖80
aperiam 🔥 💔-1.21/-1.96 📖10
aperiam 🔥 💔-1.21/-3.17 📖10
aperiam 🔥 💔-1.21/-4.38 📖10
aperiam 🔥 💔-1.21/-5.59 📖10 ]"
`;

exports[`fireBall should hit 6 targets 1`] = `
[
  8,
  -5.56,
  8,
  8,
  8,
  8,
  8,
  8,
  8,
  8,
  8,
]
`;

exports[`fireBall should hit 6 targets 2`] = `120`;

exports[`fireBall should hit 6 targets 3`] = `
"*asperiores* сотворил _Огненный шар_ на *magni* нанеся 8.72 урона
\\[ magni 🔥 💔-8.72/-5.56 📖80
magni 🔥 💔-1.21/-1.93 📖10
magni 🔥 💔-1.21/-3.14 📖10
magni 🔥 💔-1.21/-4.35 📖10
magni 🔥 💔-1.21/-5.56 📖10 ]"
`;
