// Jest Snapshot v1, https://goo.gl/fbAQLP

exports[`fireBall should hit 1 target 1`] = `
[
  8,
  8,
  8,
  8,
  8,
  8,
  8,
  8,
  -21.63,
  8,
  8,
]
`;

exports[`fireBall should hit 1 target 2`] = `248`;

exports[`fireBall should hit 1 target 3`] = `
[
  "*explicabo* сотворил _Огненный шар_ на *aperiam* нанеся 8.75 урона
\\[ aperiam 🔥 💔-8.75/-21.63 📖80
aperiam 🔥  💔-3.48/-4.23 📖28
aperiam 🔥  💔-3.48/-7.71 📖28
aperiam 🔥  💔-3.48/-11.19 📖28
aperiam 🔥  💔-3.48/-14.67 📖28
aperiam 🔥  💔-3.48/-18.15 📖28
aperiam 🔥  💔-3.48/-21.63 📖28 ]",
]
`;

exports[`fireBall should hit 6 targets 1`] = `
[
  8,
  -0.72,
  1.06,
  5.39,
  4.56,
  4.53,
  5.42,
  8,
  8,
  8,
  8,
]
`;

exports[`fireBall should hit 6 targets 2`] = `234`;

exports[`fireBall should hit 6 targets 3`] = `
[
  "*asperiores* сотворил _Огненный шар_ на *magni* нанеся 8.72 урона
\\[ magni 🔥 💔-8.72/-0.72 📖80
labore 🔥  💔-3.47/4.53 📖28
iure 🔥  💔-2.61/5.39 📖21
recusandae 🔥  💔-3.44/4.56 📖28
ipsam 🔥  💔-3.47/4.53 📖28
dignissimos 🔥  💔-2.58/5.42 📖21
labore 🔥  💔-3.47/1.06 📖28 ]",
]
`;
