// Jest Snapshot v1, https://goo.gl/fbAQLP

exports[`lightShield initiator should be hit by light shield 1`] = `
"*asperiores* использовал _Световой щит_ на *asperiores*
\\[ 📖6 ]
*asperiores* использовал _Световой щит_ на *asperiores*
\\[ 📖3 ]
*alias* рубанул *asperiores* _Эпическим Мечом_ и нанёс *10.72* урона
\\[ asperiores 👊 💔-10.72/-2.72 📖86 ]

	*asperiores* сотворил _Световой щит_ на *alias* нанеся 2.25 урона
	\\[ alias  💔-2.25/5.75 📖26 ]

	*asperiores* сотворил _Световой щит_ на *alias* нанеся 1.13 урона
	\\[ alias  💔-1.13/4.62 📖17 ]"
`;
