// Jest Snapshot v1, https://goo.gl/fbAQLP

exports[`magicWall should protect player 1`] = `
"*repellat* использовал _Магическая стена_ на *repellat* с эффектом 140.21
\\[ 📖0 ]
*explicabo* пытался атаковать *repellat*, но у него не получилось
_Магическая стена_ *repellat*: 📖254"
`;

exports[`magicWall target should be behind wall 1`] = `147.01`;

exports[`magicWall target should be behind wall 2`] = `
"*asperiores* использовал _Магическая стена_ на *alias* с эффектом 140.21
\\[ 📖0 ]
*alias* пытался атаковать *asperiores*, но у него не получилось
_Магическая стена_ *asperiores*"
`;
