// Bun Snapshot v1, https://bun.sh/docs/test/snapshots

exports[`sacredArmorEffect should apply sacredArmorEffect on cast 1`] = `""`;

exports[`sacredArmorEffect should reduce incoming physical damage of affected target 1`] = `
"*Игрок 2* рубанул *Игрок 1* _Оружием_ и нанёс *4* урона
\\[ Игрок 1 💥 💔-4/4 📖32 ]"
`;
